// Jest Snapshot v1, https://goo.gl/fbAQLP

exports[`Header component should render correctly 1`] = `
Array [
  <a
    class="option"
    href="/"
  >
    Home
  </a>,
  <a
    class="option"
    href="/get-started"
  >
    Getting Started
  </a>,
]
`;
